[
["swe", "Software Engineers\/Developers write, debug, and deploy applications, websites, and software. They work with programming languages to design, code, test, and debug software applications tailored to meet user needs."],
["ds", "Data Scientists (or Data Engineers) analyze and interpret complex data sets to help company management make informed decisions. They use statistical analysis, machine learning, and data visualization to uncover paterns and insights from data."],
["cybersecurity", "Cybersecurity Analysts work to protect an organizations network and computer systems from threats. They focus an avoiding breaches to systems and protecting the confidentiality, integrity, and availability of data. They may also conduct tests for network and software weaknesses and provide training for employees."],
["devops", "DevOps or Site Reliability Engineers work to ensure the network and web resources of an organization remain availability and run efficiently. They assist with the development and maintenance of Continuous Integration and Continuous Deployment operations to ensure a smooth develop and release workflow."],
["qa", "Quality Assurance Engineers are responsible for writing and conducting software tests to ensure that the code meets all business requirements. They help developers troubleshoot, identify, and resolve problems before the software is released into production."]
]
