[
["SOFTWARE ENGINEER", "software_engineer"],
["SOFTWARE ENGINEERS", "software_engineer"],
["SOFTWARE DEVELOPER", "software_engineer"],
["SOFTWARE DEVELOPERS", "software_engineer"],
["DEVELOPER", "software_engineer"],
["DEVELOPERS", "software_engineer"],
["CODER", "software_engineer"],
["CODERS", "software_engineer"],
["PROGRAMMER", "software_engineer"],
["PROGRAMMERS", "software_engineer"],
["SWE", "software_engineer"],
["DATA SCIENTIST", "data_scientist"],
["DATA SCIENTISTS", "data_scientist"],
["DATA ENGINEER", "data_scientist"],
["DATA ENGINEERS", "data_scientist"],
["DATA ANALYST", "data_scientist"],
["DATA ANALYSTS", "data_scientist"],
["MACHINE LEARNING", "data_scientist"],
["CYBERSECURITY ANALYST", "cybersecurity"],
["CYBERSECURITY ANALYSTS", "cybersecurity"],
["CYBERSECURITY", "cybersecurity"],
["HACKER", "cybersecurity"],
["HACKERS", "cybersecurity"],
["INFOSEC", "cybersecurity"],
["INFORMATION SECURITY", "cybersecurity"],
["DEVOPS ENGINEER", "devops"],
["DEVOPS", "devops"],
["SITE RELIABILITY", "devops"],
["SYSTEMS ENGINEER", "devops"],
["SYSTEMS ENGINEERS", "devops"],
["QA ENGINEER", "qa"],
["QA ENGINEERS", "qa"],
["QUALITY ASSURANCE", "qa"],
["TEST ENGINEER", "qa"],
["TEST ENGINEERS", "qa"],
["SDET", "qa"],
["ENGINEER IN TEST", "qa"]
]
