[
["SOFTWARE ENGINEER", "swe"],
["SOFTWARE ENGINEERS", "swe"],
["SOFTWARE DEVELOPER", "swe"],
["SOFTWARE DEVELOPERS", "swe"],
["DEVELOPER", "swe"],
["DEVELOPERS", "swe"],
["CODER", "swe"],
["CODERS", "swe"],
["PROGRAMMER", "swe"],
["PROGRAMMERS", "swe"],
["SWE", "swe"],
["DATA SCIENTIST", "ds"],
["DATA SCIENTISTS", "ds"],
["DATA ENGINEER", "ds"],
["DATA ENGINEERS", "ds"],
["DATA ANALYST", "ds"],
["DATA ANALYSTS", "ds"],
["MACHINE LEARNING", "ds"],
["CYBERSECURITY ANALYST", "cybersecurity"],
["CYBERSECURITY ANALYSTS", "cybersecurity"],
["CYBERSECURITY", "cybersecurity"],
["HACKER", "cybersecurity"],
["HACKERS", "cybersecurity"],
["INFOSEC", "cybersecurity"],
["INFORMATION SECURITY", "cybersecurity"],
["DEVOPS ENGINEER", "devops"],
["DEVOPS", "devops"],
["SITE RELIABILITY", "devops"],
["SYSTEMS ENGINEER", "devops"],
["SYSTEMS ENGINEERS", "devops"],
["QA ENGINEER", "qa"],
["QA ENGINEERS", "qa"],
["QUALITY ASSURANCE", "qa"],
["TEST ENGINEER", "qa"],
["TEST ENGINEERS", "qa"],
["SDET", "qa"],
["ENGINEER IN TEST", "qa"]
]
